[www.mayoclinic.org/es-es/diseases-conditions/type-2-diabetes/symptoms-causes/syc-20351193.html]
[backblue.gif]
[fade.gif]
[index.html]
[www.mayoclinic.org/-/media/web/gbs/shared/images/apple-touch-icon-152x152.png]
[www.mayoclinic.org/-/media/web/gbs/shared/images/favicon.png]
[www.mayoclinic.org/-/media/web/gbs/shared/images/mstile-144x144.png]
[www.mayoclinic.org/bundles/styles/goldStandardHeader600d.css]
[www.mayoclinic.org/-/media/web/gbs/shared/css/Accessibilityae24.css]
[nexus.ensighten.com/mayo_clinic/clinicprod/Bootstrap.js]
[www.mayoclinic.org/-/media/kcms/gbs/research/images/2013/05/02/10/56/globalnav-patientcare.jpg]
[www.mayoclinic.org/es-es/diseases-conditions/type-2-diabetes/symptoms-causes/syc-20351193cff1.html]
[www.mayoclinic.org/_/media/kcms/ux/css/newslettereh.css]
[www.mayoclinic.org/es-es/diseases-conditions/type-2-diabetes/symptoms-causes/_/media/kcms/ux/javascript/subscriptionlist.js]
[www.mayoclinic.org/es-es/diseases-conditions/type-2-diabetes/symptoms-causes/_/media/kcms/ux/javascript/newslettereh.js]
[www.mayoclinic.org/styles/img/logo-mayoclinic.png]
[www.honcode.ch/HONcode/Seal/HONConduct636199_hr1.gif]
[www.mayoclinic.org/bundles/scripts/goldStandardFooterde2f.js]
[www.mayoclinic.org/-/media/kcms/ux/javascript/Accessibility3f56.js]
[www.mayoclinic.org/es-es/diseases-conditions/type-2-diabetes/symptoms-causes/syc-20351193.html]
[www.mayoclinic.org/styles/img/x-grid-5824.png]
[www.mayoclinic.org/_/media/4886255CEFB640F581D9F3FD7D2E74E6.png]
[www.mayoclinic.org/styles/css/gbs/img/bg-main-header.jpg]
[www.mayoclinic.org/styles/css/gbs/img/bg-main-nav.png]
[www.mayoclinic.org/styles/img/gbs/bg-main-nav.png]
[www.mayoclinic.org/bundles/styles/goldStandardHeader600d.css]
[www.mayoclinic.org/-/media/web/gbs/shared/css/Accessibilityae24.css]
[www.mayoclinic.org/es-es/diseases-conditions/type-2-diabetes/symptoms-causes/ak.html]
[www.mayoclinic.org/es-es/diseases-conditions/type-2-diabetes/symptoms-causes/ak-2.html]
[www.mayoclinic.org/styles/css/gbs/common.css]
[www.mayoclinic.org/styles/css/gbs/print.css]
[www.mayoclinic.org/-/media/images/mayologo.png]
[www.mayoclinic.org/es-es/diseases-conditions/type-2-diabetes/symptoms-causes/syc-20351193cff1.html]
[www.mayoclinic.org/mayofonts/Fonts/mayo/fonts.css]
[www.mayoclinic.org/_/media/kcms/ux/css/newslettereh.css]
[www.mayoclinic.org/es-es/diseases-conditions/type-2-diabetes/symptoms-causes/_/media/kcms/ux/javascript/subscriptionlist.js]
[www.mayoclinic.org/es-es/diseases-conditions/type-2-diabetes/symptoms-causes/_/media/kcms/ux/javascript/newslettereh.js]
[www.mayoclinic.org/bundles/scripts/goldStandardFooterde2f.js]
[www.mayoclinic.org/-/media/kcms/ux/javascript/Accessibility3f56.js]
[www.mayoclinic.org/styles/img/gbs/sprites/sprite-button.jpg]
[www.mayoclinic.org/styles/img/gbs/icn_print.png]
[www.mayoclinic.org/styles/img/gbs/icon-breadcrumb.gif]
[www.mayoclinic.org/styles/img/gbs/icon-eye.png]
[www.mayoclinic.org/UniversalNav/Styles/img/bg_input_text.png]
[www.mayoclinic.org/UniversalNav/Styles/img/icon-search.png]
[www.mayoclinic.org/UniversalNav/Styles/img/bg-nav-arrow-down.gif]
[www.mayoclinic.org/UniversalNav/Styles/img/sprite-globalnav.png]
[www.mayoclinic.org/UniversalNav/Styles/img/icon-search-white.png]
[www.mayoclinic.org/UniversalNav/Styles/img/sprite-globalnavarrows.png]
[www.mayoclinic.org/styles/css/gbs/common.css]
[www.mayoclinic.org/styles/css/gbs/print.css]
[www.mayoclinic.org/mayofonts/Fonts/mayo/fonts.css]
[www.mayoclinic.org/es-es/diseases-conditions/type-2-diabetes/symptoms-causes/POST.html]
